SQL> SET PAGESIZE 800
SQL> SET LINE 800
SQL> SELECT D, COUNT (DNI) FROM PROFESOR, DEPARTAMENTO, AREA WHERE DEPARTAMENTO.CD = AREA.CD AND A AND AREA.CAR = PROFESOR.CAR GROUP BY D ORDER BY COUNT (DNI);
SELECT D, COUNT (DNI) FROM PROFESOR, DEPARTAMENTO, AREA WHERE DEPARTAMENTO.CD = AREA.CD AND A AND AREA.CAR = PROFESOR.CAR GROUP BY D ORDER BY COUNT (DNI)
                                                                                              *
ERROR at line 1:
ORA-00920: invalid relational operator 


SQL> SELECT D, COUNT (DNI) FROM PROFESOR, DEPARTAMENTO, AREA WHERE DEPARTAMENTO.CD = AREA.CD AND AREA.CAR = PROFESOR.CAR GROUP BY D ORDER BY COUNT (DNI);

D                                                            COUNT(DNI)                                                                                                                                                                                                                                                                                                                                                                                                                                                                                                                                                                                                                                                                                                                                                         
------------------------------------------------------------ ----------                                                                                                                                                                                                                                                                                                                                                                                                                                                                                                                                                                                                                                                                                                                                                         
ASTROFISICA                                                           1                                                                                                                                                                                                                                                                                                                                                                                                                                                                                                                                                                                                                                                                                                                                                         
MATEMATICA FUNDAMENTAL                                                1                                                                                                                                                                                                                                                                                                                                                                                                                                                                                                                                                                                                                                                                                                                                                         
ANALISIS MATEMATICO                                                   3                                                                                                                                                                                                                                                                                                                                                                                                                                                                                                                                                                                                                                                                                                                                                         
ESTADISTICA, INVESTIGACION OPERATIVA Y COMPUTACION                    7                                                                                                                                                                                                                                                                                                                                                                                                                                                                                                                                                                                                                                                                                                                                                         

SQL> SELECT COUNT (UNIQUE T) FROM ASIGNATURA WHERE CAR IN (SELECT CAR FROM AREA WHERE CD IN (SELECT CD FROM DEPARTAMENTO WHERE D = 'ESTADISTICA, INVESTIGACION OPERATIVA Y COMPUTACION'));))
  2  SELECT COUNT (UNIQUE T) FROM ASIGNATURA WHERE CAR IN (SELECT CAR FROM AREA WHERE CD IN (SELECT CD FROM DEPARTAMENTO WHERE D = 'ESTADISTICA, INVESTIGACION OPERATIVA Y COMPUTACION'));
SELECT COUNT (UNIQUE T) FROM ASIGNATURA WHERE CAR IN (SELECT CAR FROM AREA WHERE CD IN (SELECT CD FROM DEPARTAMENTO WHERE D = 'ESTADISTICA, INVESTIGACION OPERATIVA Y COMPUTACION'));))
                                                                                                                                                                                    *
ERROR at line 1:
ORA-00933: SQL command not properly ended 


SQL> SELECT COUNT (UNIQUE T) FROM ASIGNATURA WHERE CAR IN (SELECT CAR FROM AREA WHERE CD IN (SELECT CD FROM DEPARTAMENTOO WHERE D = 'ESTADISTICA, INVESTIGACION OPERATIVA Y COMPUTACION'));
SELECT COUNT (UNIQUE T) FROM ASIGNATURA WHERE CAR IN (SELECT CAR FROM AREA WHERE CD IN (SELECT CD FROM DEPARTAMENTOO WHERE D = 'ESTADISTICA, INVESTIGACION OPERATIVA Y COMPUTACION'))
                                                                                                       *
ERROR at line 1:
ORA-00942: table or view does not exist 


SQL> SELECT COUNT (UNIQUE T) FROM ASIGNATURA WHERE CAR IN (SELECT CAR FROM AREA WHERE CD IN (SELECT CD FROM DEPARTAMENTO WHERE D = 'ESTADISTICA, INVESTIGACION OPERATIVA Y COMPUTACION'));

COUNT(UNIQUET)                                                                                                                                                                                                                                                                                                                                                                                                                                                                                                                                                                                                                                                                                                                                                                                                                  
--------------                                                                                                                                                                                                                                                                                                                                                                                                                                                                                                                                                                                                                                                                                                                                                                                                                  
             2                                                                                                                                                                                                                                                                                                                                                                                                                                                                                                                                                                                                                                                                                                                                                                                                                  

SQL> SELECT COUNT (UNIQUE P) FROM PROFESOR WHERE CAR IN (SELECT CAR FROM AREA WHERE AR LIKE 'A%');

COUNT(UNIQUEP)                                                                                                                                                                                                                                                                                                                                                                                                                                                                                                                                                                                                                                                                                                                                                                                                                  
--------------                                                                                                                                                                                                                                                                                                                                                                                                                                                                                                                                                                                                                                                                                                                                                                                                                  
             3                                                                                                                                                                                                                                                                                                                                                                                                                                                                                                                                                                                                                                                                                                                                                                                                                  

SQL> SELECT T, COUNT (A) FROM ASIGNATURA GROUP BY T ORDER BY COUNT(A);

T      COUNT(A)                                                                                                                                                                                                                                                                                                                                                                                                                                                                                                                                                                                                                                                                                                                                                                                                                 
---- ----------                                                                                                                                                                                                                                                                                                                                                                                                                                                                                                                                                                                                                                                                                                                                                                                                                 
GF            1                                                                                                                                                                                                                                                                                                                                                                                                                                                                                                                                                                                                                                                                                                                                                                                                                 
MII           2                                                                                                                                                                                                                                                                                                                                                                                                                                                                                                                                                                                                                                                                                                                                                                                                                 
GM            2                                                                                                                                                                                                                                                                                                                                                                                                                                                                                                                                                                                                                                                                                                                                                                                                                 
GII           7                                                                                                                                                                                                                                                                                                                                                                                                                                                                                                                                                                                                                                                                                                                                                                                                                 

SQL> SELECT MAX UNIQUE A FROM ASIGNATURA ;
SELECT MAX UNIQUE A FROM ASIGNATURA 
           *
ERROR at line 1:
ORA-00923: FROM keyword not found where expected 


SQL> SELECT MAX (UNIQUE A) FROM ASIGNATURA ;

MAX(UNIQUEA)                                                                                                                                                                                                                                                                                                                                                                                                                                                                                                                                                                                                                                                                                                                                                                                                                    
--------------------------------------------------                                                                                                                                                                                                                                                                                                                                                                                                                                                                                                                                                                                                                                                                                                                                                                              
OPTIMIZACION                                                                                                                                                                                                                                                                                                                                                                                                                                                                                                                                                                                                                                                                                                                                                                                                                    

SQL> SELECT A FROM ASIGNATURA WHERE MAX (UNIQUE CT);
SELECT A FROM ASIGNATURA WHERE MAX (UNIQUE CT)
                               *
ERROR at line 1:
ORA-00934: group function is not allowed here 


SQL> 
SQL> SELECT A FROM ASIGNATURA WHERE MAX CT;
SELECT A FROM ASIGNATURA WHERE MAX CT
                                   *
ERROR at line 1:
ORA-00920: invalid relational operator 


SQL> SELECT A FROM ASIGNATURA WHERE MAX (CT);
SELECT A FROM ASIGNATURA WHERE MAX (CT)
                               *
ERROR at line 1:
ORA-00934: group function is not allowed here 


SQL> SELECT A FROM ASIGNATURA WHERE CT = MAX(CT);
SELECT A FROM ASIGNATURA WHERE CT = MAX(CT)
                                    *
ERROR at line 1:
ORA-00934: group function is not allowed here 


SQL> SELECT A FROM ASIGNATURA WHERE MAX CT FROM ASIGNATURA;
SELECT A FROM ASIGNATURA WHERE MAX CT FROM ASIGNATURA
                                   *
ERROR at line 1:
ORA-00920: invalid relational operator 


SQL> SELECT A FROM ASIGNATURA WHERE MAX (CT) FROM ASIGNATURA;
SELECT A FROM ASIGNATURA WHERE MAX (CT) FROM ASIGNATURA
                               *
ERROR at line 1:
ORA-00934: group function is not allowed here 


SQL> SELECT A FROM ASIGNATURA WHERE CT = (SELECT MAX(CT) FROM ASIGNATURA);

A                                                                                                                                                                                                                                                                                                                                                                                                                                                                                                                                                                                                                                                                                                                                                                                                                               
--------------------------------------------------                                                                                                                                                                                                                                                                                                                                                                                                                                                                                                                                                                                                                                                                                                                                                                              
ENSENANZA DE LA MATEMATICA                                                                                                                                                                                                                                                                                                                                                                                                                                                                                                                                                                                                                                                                                                                                                                                                      

SQL> SELECT A FROM ASIGNATURA WHERE CT = (SELECT MIN(CT) FROM ASIGNATURA);

A                                                                                                                                                                                                                                                                                                                                                                                                                                                                                                                                                                                                                                                                                                                                                                                                                               
--------------------------------------------------                                                                                                                                                                                                                                                                                                                                                                                                                                                                                                                                                                                                                                                                                                                                                                              
INTELIGENCIA ARTIFICIAL                                                                                                                                                                                                                                                                                                                                                                                                                                                                                                                                                                                                                                                                                                                                                                                                         
ALMACENES DE DATOS                                                                                                                                                                                                                                                                                                                                                                                                                                                                                                                                                                                                                                                                                                                                                                                                              
MINERIA DE DATOS                                                                                                                                                                                                                                                                                                                                                                                                                                                                                                                                                                                                                                                                                                                                                                                                                

SQL> SELECT (CT+CP+CL), COUNT(A) FROM ASIGNATURA GROUP BY (CT+CP+CL);

(CT+CP+CL)   COUNT(A)                                                                                                                                                                                                                                                                                                                                                                                                                                                                                                                                                                                                                                                                                                                                                                                                           
---------- ----------                                                                                                                                                                                                                                                                                                                                                                                                                                                                                                                                                                                                                                                                                                                                                                                                           
         6          9                                                                                                                                                                                                                                                                                                                                                                                                                                                                                                                                                                                                                                                                                                                                                                                                           
       7.5          1                                                                                                                                                                                                                                                                                                                                                                                                                                                                                                                                                                                                                                                                                                                                                                                                           
         3          2                                                                                                                                                                                                                                                                                                                                                                                                                                                                                                                                                                                                                                                                                                                                                                                                           

SQL> SELECT (CT+CP+CL), A FROM ASIGNATURA GROUP BY (CT+CP+CL);
SELECT (CT+CP+CL), A FROM ASIGNATURA GROUP BY (CT+CP+CL)
                   *
ERROR at line 1:
ORA-00979: not a GROUP BY expression 


SQL> SELECT (CT+CP+CL), A FROM ASIGNATURA GROUP BY (A) ORDER BY A;
SELECT (CT+CP+CL), A FROM ASIGNATURA GROUP BY (A) ORDER BY A
        *
ERROR at line 1:
ORA-00979: not a GROUP BY expression 


SQL> SELECT (CT+CP+CL), A FROM ASIGNATURA ORDER BY A;

(CT+CP+CL) A                                                                                                                                                                                                                                                                                                                                                                                                                                                                                                                                                                                                                                                                                                                                                                                                                    
---------- --------------------------------------------------                                                                                                                                                                                                                                                                                                                                                                                                                                                                                                                                                                                                                                                                                                                                                                   
         6 ALGEBRA                                                                                                                                                                                                                                                                                                                                                                                                                                                                                                                                                                                                                                                                                                                                                                                                              
         3 ALMACENES DE DATOS                                                                                                                                                                                                                                                                                                                                                                                                                                                                                                                                                                                                                                                                                                                                                                                                   
       7.5 ANALISIS COMPLEJO                                                                                                                                                                                                                                                                                                                                                                                                                                                                                                                                                                                                                                                                                                                                                                                                    
         6 ASTRONOMIA                                                                                                                                                                                                                                                                                                                                                                                                                                                                                                                                                                                                                                                                                                                                                                                                           
         6 BASES DE DATOS                                                                                                                                                                                                                                                                                                                                                                                                                                                                                                                                                                                                                                                                                                                                                                                                       
         6 CALCULO                                                                                                                                                                                                                                                                                                                                                                                                                                                                                                                                                                                                                                                                                                                                                                                                              
         6 ENSENANZA DE LA MATEMATICA                                                                                                                                                                                                                                                                                                                                                                                                                                                                                                                                                                                                                                                                                                                                                                                           
         6 GESTION DE RIESGOS                                                                                                                                                                                                                                                                                                                                                                                                                                                                                                                                                                                                                                                                                                                                                                                                   
         6 INFORMATICA BASICA                                                                                                                                                                                                                                                                                                                                                                                                                                                                                                                                                                                                                                                                                                                                                                                                   
         6 INTELIGENCIA ARTIFICIAL                                                                                                                                                                                                                                                                                                                                                                                                                                                                                                                                                                                                                                                                                                                                                                                              
         3 MINERIA DE DATOS                                                                                                                                                                                                                                                                                                                                                                                                                                                                                                                                                                                                                                                                                                                                                                                                     
         6 OPTIMIZACION                                                                                                                                                                                                                                                                                                                                                                                                                                                                                                                                                                                                                                                                                                                                                                                                         

12 rows selected.

SQL> SELECT A FROM ASIGNATURA WHERE (CT+CP+CL) = (SELECT MAX(CT+CP+CL) FROM ASIGNATURA);

A                                                                                                                                                                                                                                                                                                                                                                                                                                                                                                                                                                                                                                                                                                                                                                                                                               
--------------------------------------------------                                                                                                                                                                                                                                                                                                                                                                                                                                                                                                                                                                                                                                                                                                                                                                              
ANALISIS COMPLEJO                                                                                                                                                                                                                                                                                                                                                                                                                                                                                                                                                                                                                                                                                                                                                                                                               

SQL> SELECT A FROM ASIGNATURA WHERE (CT+CP+CL) = (SELECT MAX(CTMIN+CL) FROM ASIGNATURA);
SELECT A FROM ASIGNATURA WHERE (CT+CP+CL) = (SELECT MAX(CTMIN+CL) FROM ASIGNATURA)
                                                        *
ERROR at line 1:
ORA-00904: "CTMIN": invalid identifier 


SQL> SELECT (CT+CP+CL), A FROM ASIGNATURA WHERE (CT+CP+CL) = (SELECT MIN (CT+CP+CL) FROM ASIGNATURA;
SELECT (CT+CP+CL), A FROM ASIGNATURA WHERE (CT+CP+CL) = (SELECT MIN (CT+CP+CL) FROM ASIGNATURA
                                                         *
ERROR at line 1:
ORA-00920: invalid relational operator 


SQL> SELECT A FROM ASIGNATURA WHERE (CT+CP+CL) = (SELECT MIN (CT+CP+CL) FROM ASIGNATURA;
SELECT A FROM ASIGNATURA WHERE (CT+CP+CL) = (SELECT MIN (CT+CP+CL) FROM ASIGNATURA
                                             *
ERROR at line 1:
ORA-00920: invalid relational operator 


SQL> SELECT A FROM ASIGNATURA WHERE (CT+CP+CL) = (SELECT MIN (CT+CP+CL) FROM ASIGNATURA);

A                                                                                                                                                                                                                                                                                                                                                                                                                                                                                                                                                                                                                                                                                                                                                                                                                               
--------------------------------------------------                                                                                                                                                                                                                                                                                                                                                                                                                                                                                                                                                                                                                                                                                                                                                                              
ALMACENES DE DATOS                                                                                                                                                                                                                                                                                                                                                                                                                                                                                                                                                                                                                                                                                                                                                                                                              
MINERIA DE DATOS                                                                                                                                                                                                                                                                                                                                                                                                                                                                                                                                                                                                                                                                                                                                                                                                                

SQL> SELECT AR
  2  
SQL> SELECT AR FROM AREA WHERE CAR IN(SELECT CAR FROM ASIGNATURA WHERE (CT+CP+CL)=(SELECT MAX (CT+CP+CL) FROM ASIGNATURA;))
  2  ;
SELECT AR FROM AREA WHERE CAR IN(SELECT CAR FROM ASIGNATURA WHERE (CT+CP+CL)=(SELECT MAX (CT+CP+CL) FROM ASIGNATURA;))
                                                                                                                   *
ERROR at line 1:
ORA-00920: invalid relational operator 


SQL> SELECT AR FROM AREA WHERE CAR IN(SELECT CAR FROM ASIGNATURA WHERE (CT+CP+CL)=(SELECT MAX (CT+CP+CL) FROM ASIGNATURA);
SELECT AR FROM AREA WHERE CAR IN(SELECT CAR FROM ASIGNATURA WHERE (CT+CP+CL)=(SELECT MAX (CT+CP+CL) FROM ASIGNATURA)
                                                                                                                   *
ERROR at line 1:
ORA-00907: missing right parenthesis 


SQL> SELECT AR FROM AREA WHERE CAR IN(SELECT CAR FROM ASIGNATURA WHERE (CT+CP+CL)=(SELECT MAX (CT+CP+CL) FROM ASIGNATURA));

AR                                                                                                                                                                                                                                                                                                                                                                                                                                                                                                                                                                                                                                                                                                                                                                                                                              
------------------------------------------------------------                                                                                                                                                                                                                                                                                                                                                                                                                                                                                                                                                                                                                                                                                                                                                                    
ANALISIS MATEMATICO                                                                                                                                                                                                                                                                                                                                                                                                                                                                                                                                                                                                                                                                                                                                                                                                             

SQL> SELECT COUNT (A) FROM ASIGNATURA WHERE CAR IN (SELECT CAR FROM PROFESOR WHERE DNI =1111);

  COUNT(A)                                                                                                                                                                                                                                                                                                                                                                                                                                                                                                                                                                                                                                                                                                                                                                                                                      
----------                                                                                                                                                                                                                                                                                                                                                                                                                                                                                                                                                                                                                                                                                                                                                                                                                      
         1                                                                                                                                                                                                                                                                                                                                                                                                                                                                                                                                                                                                                                                                                                                                                                                                                      

SQL> SPOOL OFF
